// Jest Snapshot v1, https://goo.gl/fbAQLP

exports[`renders correctly 1`] = `
Array [
  <div
    className="row"
  >
    <div
      className="col-sm"
    >
      <span
        className="font-weight-bold"
      >
        Death Ray or Poison
      </span>
      <span
        className="ml-2"
      >
        1
      </span>
    </div>
  </div>,
  <div
    className="row"
  >
    <div
      className="col-sm"
    >
      <span
        className="font-weight-bold"
      >
        Magical Wands
      </span>
      <span
        className="ml-2"
      >
        2
      </span>
    </div>
  </div>,
  <div
    className="row"
  >
    <div
      className="col-sm"
    >
      <span
        className="font-weight-bold"
      >
        Paralysis or Petrification
      </span>
      <span
        className="ml-2"
      >
        3
      </span>
    </div>
  </div>,
  <div
    className="row"
  >
    <div
      className="col-sm"
    >
      <span
        className="font-weight-bold"
      >
        Dragon Breath
      </span>
      <span
        className="ml-2"
      >
        4
      </span>
    </div>
  </div>,
  <div
    className="row"
  >
    <div
      className="col-sm"
    >
      <span
        className="font-weight-bold"
      >
        Rods, Staves, Spells
      </span>
      <span
        className="ml-2"
      >
        5
      </span>
    </div>
  </div>,
  <hr />,
]
`;
